
Running 1 test using 1 worker

  Ô£ÿ  1 tests\positive\eventcreation.positive.spec.js:5:1 ÔÇ║ Church profile can create an event successfully (16.3s)


  1) tests\positive\eventcreation.positive.spec.js:5:1 ÔÇ║ Church profile can create an event successfully 

    Error: locator.click: Error: strict mode violation: getByRole('table').getByTitle('-10-08') resolved to 2 elements:
        1) <td title="2025-10-08" class="ant-picker-cell ant-picker-cell-in-view">ÔÇª</td> aka getByRole('cell', { name: '8', exact: true }).first()
        2) <td title="2025-10-08" class="ant-picker-cell ant-picker-cell-in-view">ÔÇª</td> aka getByRole('cell', { name: '8', exact: true }).nth(2)

    Call log:
    [2m  - waiting for getByRole('table').getByTitle('-10-08')[22m


       at ..\pages\eventcreatepage.js:61

      59 |     // End date selection
      60 |     await this.endDate.click();
    > 61 |     await this.page.getByRole('table').getByTitle('-10-08').click();
         |                                                             ^
      62 |     await this.page.locator('div:nth-child(17) > .ant-picker-dropdown > .ant-picker-panel-container > .ant-picker-panel-layout > div > .ant-picker-panel > .ant-picker-datetime-panel > .ant-picker-time-panel > .ant-picker-content > ul > li:nth-child(4) > .ant-picker-time-panel-cell-inner').first().click();
      63 |     await this.endDateOK.click();
      64 |
        at EventPage.fillEventForm (F:\workspace\adventcircle_pom\pages\eventcreatepage.js:61:61)
        at F:\workspace\adventcircle_pom\tests\positive\eventcreation.positive.spec.js:20:3

    attachment #1: screenshot (image/png) ÔöÇÔöÇÔöÇÔöÇÔöÇÔöÇÔöÇÔöÇÔöÇÔöÇÔöÇÔöÇÔöÇÔöÇÔöÇÔöÇÔöÇÔöÇÔöÇÔöÇÔöÇÔöÇÔöÇÔöÇÔöÇÔöÇÔöÇÔöÇÔöÇÔöÇÔöÇÔöÇÔöÇÔöÇÔöÇÔöÇÔöÇÔöÇÔöÇÔöÇÔöÇÔöÇÔöÇÔöÇÔöÇÔöÇÔöÇÔöÇÔöÇÔöÇÔöÇÔöÇÔöÇÔöÇÔöÇÔöÇÔöÇÔöÇ
    test-results\positive-eventcreation.pos-47fb4-reate-an-event-successfully\test-failed-1.png
    ÔöÇÔöÇÔöÇÔöÇÔöÇÔöÇÔöÇÔöÇÔöÇÔöÇÔöÇÔöÇÔöÇÔöÇÔöÇÔöÇÔöÇÔöÇÔöÇÔöÇÔöÇÔöÇÔöÇÔöÇÔöÇÔöÇÔöÇÔöÇÔöÇÔöÇÔöÇÔöÇÔöÇÔöÇÔöÇÔöÇÔöÇÔöÇÔöÇÔöÇÔöÇÔöÇÔöÇÔöÇÔöÇÔöÇÔöÇÔöÇÔöÇÔöÇÔöÇÔöÇÔöÇÔöÇÔöÇÔöÇÔöÇÔöÇÔöÇÔöÇÔöÇÔöÇÔöÇÔöÇÔöÇÔöÇÔöÇÔöÇÔöÇÔöÇÔöÇÔöÇÔöÇÔöÇÔöÇÔöÇÔöÇÔöÇÔöÇÔöÇÔöÇÔöÇÔöÇÔöÇÔöÇÔöÇÔöÇÔöÇÔöÇÔöÇÔöÇÔöÇÔöÇÔöÇÔöÇÔöÇ

    Error Context: test-results\positive-eventcreation.pos-47fb4-reate-an-event-successfully\error-context.md

    attachment #3: trace (application/zip) ÔöÇÔöÇÔöÇÔöÇÔöÇÔöÇÔöÇÔöÇÔöÇÔöÇÔöÇÔöÇÔöÇÔöÇÔöÇÔöÇÔöÇÔöÇÔöÇÔöÇÔöÇÔöÇÔöÇÔöÇÔöÇÔöÇÔöÇÔöÇÔöÇÔöÇÔöÇÔöÇÔöÇÔöÇÔöÇÔöÇÔöÇÔöÇÔöÇÔöÇÔöÇÔöÇÔöÇÔöÇÔöÇÔöÇÔöÇÔöÇÔöÇÔöÇÔöÇÔöÇÔöÇÔöÇÔöÇÔöÇÔöÇ
    test-results\positive-eventcreation.pos-47fb4-reate-an-event-successfully\trace.zip
    Usage:

        npx playwright show-trace test-results\positive-eventcreation.pos-47fb4-reate-an-event-successfully\trace.zip

    ÔöÇÔöÇÔöÇÔöÇÔöÇÔöÇÔöÇÔöÇÔöÇÔöÇÔöÇÔöÇÔöÇÔöÇÔöÇÔöÇÔöÇÔöÇÔöÇÔöÇÔöÇÔöÇÔöÇÔöÇÔöÇÔöÇÔöÇÔöÇÔöÇÔöÇÔöÇÔöÇÔöÇÔöÇÔöÇÔöÇÔöÇÔöÇÔöÇÔöÇÔöÇÔöÇÔöÇÔöÇÔöÇÔöÇÔöÇÔöÇÔöÇÔöÇÔöÇÔöÇÔöÇÔöÇÔöÇÔöÇÔöÇÔöÇÔöÇÔöÇÔöÇÔöÇÔöÇÔöÇÔöÇÔöÇÔöÇÔöÇÔöÇÔöÇÔöÇÔöÇÔöÇÔöÇÔöÇÔöÇÔöÇÔöÇÔöÇÔöÇÔöÇÔöÇÔöÇÔöÇÔöÇÔöÇÔöÇÔöÇÔöÇÔöÇÔöÇÔöÇÔöÇÔöÇÔöÇÔöÇ

  1 failed
    tests\positive\eventcreation.positive.spec.js:5:1 ÔÇ║ Church profile can create an event successfully 
